// Jest Snapshot v1, https://goo.gl/fbAQLP

exports[`Paladin default values standard attack 1`] = `
<tbody>
  <tr class="highlight-current">
    <td>0</td>
    <td>13</td>
    <td>1.92</td>
  </tr>
  <tr class="">
    <td>9</td>
    <td>12</td>
    <td>2.08</td>
  </tr>
  <tr class="">
    <td>20</td>
    <td>11</td>
    <td>2.27</td>
  </tr>
  <tr class="">
    <td>37</td>
    <td>10</td>
    <td>2.5</td>
  </tr>
  <tr class="">
    <td>63</td>
    <td>9</td>
    <td>2.77</td>
  </tr>
  <tr class="">
    <td>105</td>
    <td>8</td>
    <td>3.12</td>
  </tr>
  <tr class="">
    <td>200</td>
    <td>7</td>
    <td>3.57</td>
  </tr>
</tbody>
`;
